1e77885afd88b4ecf5d715acfd61916d752aed05

> learn-spine-platform@0.0.0 typecheck
> tsc --noEmit


> learn-spine-platform@0.0.0 test:browser
> playwright test

[WebServer] (node:92323) Warning: The 'NO_COLOR' env is ignored due to the 'FORCE_COLOR' env being set.
[WebServer] (Use `node --trace-warnings ...` to show where the warning was created)

Running 15 tests using 4 workers

(node:92324) Warning: The 'NO_COLOR' env is ignored due to the 'FORCE_COLOR' env being set.
(Use `node --trace-warnings ...` to show where the warning was created)
(node:92327) Warning: The 'NO_COLOR' env is ignored due to the 'FORCE_COLOR' env being set.
(Use `node --trace-warnings ...` to show where the warning was created)
(node:92325) Warning: The 'NO_COLOR' env is ignored due to the 'FORCE_COLOR' env being set.
(Use `node --trace-warnings ...` to show where the warning was created)
(node:92326) Warning: The 'NO_COLOR' env is ignored due to the 'FORCE_COLOR' env being set.
(Use `node --trace-warnings ...` to show where the warning was created)
  ✓   2 [chromium] › tests/browser/storage.spec.ts:10:1 › actual PNG ZIP bytes and committed IndexedDB survive reload (271ms)
  ✓   1 [chromium] › tests/browser/shell.spec.ts:3:1 › built editor and player load directly and navigate without runtime errors (482ms)
  ✓   5 [chromium] › tests/browser/storage.spec.ts:21:1 › newer save wins delayed older validation; snapshot bytes isolated (122ms)
  ✓   7 [chromium] › tests/browser/storage.spec.ts:31:1 › real transaction abort/quota/write failure preserve prior committed project (117ms)
  ✓   6 [chromium] › tests/browser/shell.spec.ts:22:1 › shell remains readable at narrow widths and exposes keyboard navigation (217ms)
  ✓   8 [chromium] › tests/browser/storage.spec.ts:44:1 › hash, IHDR and actual decoder validation reject corrupt images (95ms)
  ✓   9 [chromium] › tests/browser/storage.spec.ts:53:1 › aliasing Uint8Array subclasses cannot change validated, packed or saved snapshots (102ms)
  ✓   3 [chromium] › tests/adapters/browser/adapter.spec.ts:3:1 › bridge delivers real PNG + project ZIP, snapshot jobs, cancellation and lifecycle (1.1s)
  ✓   4 [chromium] › tests/e2e/editor/workflow.spec.ts:23:1 › load PNG, bones, keys, playback, undo, save, reload, independent exported player (3.1s)
  ✓  10 [chromium] › tests/e2e/editor/workflow.spec.ts:192:1 › cancel and failed save leave live data unchanged and unsaved; checkpoint restores (739ms)
  ✓  11 [chromium] › tests/e2e/editor/workflow.spec.ts:248:1 › late save and import cannot attach to a reopened session at the same revision (465ms)
  ✓  12 [chromium] › tests/e2e/editor/workflow.spec.ts:316:1 › invalid files preserve the project and a later valid editor package opens (580ms)
  ✓  13 [chromium] › tests/e2e/editor/workflow.spec.ts:353:1 › opening an identical saved package recognizes the committed record, but equal-revision different content stays unsaved (478ms)
  ✓  14 [chromium] › tests/e2e/editor/workflow.spec.ts:376:1 › selected stepped and imported Bezier keys preserve their interpolation when only the value is edited (937ms)
  ✓  15 [chromium] › tests/e2e/editor/workflow.spec.ts:445:1 › reparenting presents children beneath their parent without sorting the model collection (683ms)

  15 passed (7.9s)
