690af9ecdb611d3e6213195eb14f70438445764f
v22.22.3
10.9.8

> learn-spine-platform@0.0.0 typecheck
> tsc --noEmit


> learn-spine-platform@0.0.0 test
> vitest run


 RUN  v5.0.0 /Users/tubakhuym/projects/learn-spine-worktrees/issue-13/platform


 Test Files  8 passed (8)
      Tests  77 passed (77)
   Start at  11:50:09
   Duration  643ms (import 43%, tests 31%, transform 25%, worker 1%)


> learn-spine-platform@0.0.0 build
> vite build

vite v8.3.0 building client environment for production...
transforming...
✓ 778 modules transformed.
rendering chunks...
computing gzip size...
dist/index.html                             0.62 kB │ gzip:   0.34 kB
dist/player.html                            0.62 kB │ gzip:   0.34 kB
dist/assets/storage-BUjCEbAh.css            9.26 kB │ gzip:   2.76 kB
dist/assets/webworkerAll-BC1hWFgE.js        0.05 kB │ gzip:   0.06 kB
dist/assets/rolldown-runtime-B0Z9INg1.js    0.90 kB │ gzip:   0.51 kB
dist/assets/player-CK9tP7o8.js              2.83 kB │ gzip:   1.34 kB
dist/assets/editor-1jv75THM.js             29.30 kB │ gzip:  10.01 kB
dist/assets/browserAll-B6vR7adc.js         42.12 kB │ gzip:  10.97 kB
dist/assets/init-t_NOIaw_.js              148.67 kB │ gzip:  45.12 kB
dist/assets/storage-BoB-hgDY.js           649.63 kB │ gzip: 194.11 kB

✓ built in 100ms
[plugin builtin:vite-reporter] 
(!) Some chunks are larger than 500 kB after minification. Consider:
- Using dynamic import() to code-split the application
- Use build.rolldownOptions.output.codeSplitting to improve chunking: https://rolldown.rs/reference/OutputOptions.codeSplitting
- Adjust chunk size limit for this warning via build.chunkSizeWarningLimit.

> learn-spine-platform@0.0.0 test:browser
> playwright test

[WebServer] (node:91137) Warning: The 'NO_COLOR' env is ignored due to the 'FORCE_COLOR' env being set.
[WebServer] (Use `node --trace-warnings ...` to show where the warning was created)

Running 14 tests using 3 workers

(node:91140) Warning: The 'NO_COLOR' env is ignored due to the 'FORCE_COLOR' env being set.
(Use `node --trace-warnings ...` to show where the warning was created)
(node:91138) Warning: The 'NO_COLOR' env is ignored due to the 'FORCE_COLOR' env being set.
(Use `node --trace-warnings ...` to show where the warning was created)
(node:91139) Warning: The 'NO_COLOR' env is ignored due to the 'FORCE_COLOR' env being set.
(Use `node --trace-warnings ...` to show where the warning was created)
  ✓   2 [chromium] › tests/browser/storage.spec.ts:10:1 › actual PNG ZIP bytes and committed IndexedDB survive reload (225ms)
  ✓   1 [chromium] › tests/browser/shell.spec.ts:3:1 › built editor and player load directly and navigate without runtime errors (445ms)
  ✓   4 [chromium] › tests/browser/storage.spec.ts:21:1 › newer save wins delayed older validation; snapshot bytes isolated (135ms)
  ✓   6 [chromium] › tests/browser/storage.spec.ts:31:1 › real transaction abort/quota/write failure preserve prior committed project (102ms)
  ✓   5 [chromium] › tests/browser/shell.spec.ts:22:1 › shell remains readable at narrow widths and exposes keyboard navigation (199ms)
  ✓   7 [chromium] › tests/browser/storage.spec.ts:44:1 › hash, IHDR and actual decoder validation reject corrupt images (100ms)
  ✓   8 [chromium] › tests/browser/storage.spec.ts:53:1 › aliasing Uint8Array subclasses cannot change validated, packed or saved snapshots (99ms)
  ✓   3 [chromium] › tests/e2e/editor/workflow.spec.ts:23:1 › load PNG, bones, keys, playback, undo, save, reload, independent exported player (3.1s)
  ✓   9 [chromium] › tests/e2e/editor/workflow.spec.ts:192:1 › cancel and failed save leave live data unchanged and unsaved; checkpoint restores (736ms)
  ✓  10 [chromium] › tests/e2e/editor/workflow.spec.ts:248:1 › late save and import cannot attach to a reopened session at the same revision (468ms)
  ✓  11 [chromium] › tests/e2e/editor/workflow.spec.ts:316:1 › invalid files preserve the project and a later valid editor package opens (579ms)
  ✓  12 [chromium] › tests/e2e/editor/workflow.spec.ts:353:1 › opening an identical saved package recognizes the committed record, but equal-revision different content stays unsaved (481ms)
  ✓  13 [chromium] › tests/e2e/editor/workflow.spec.ts:376:1 › selected stepped and imported Bezier keys preserve their interpolation when only the value is edited (940ms)
  ✓  14 [chromium] › tests/e2e/editor/workflow.spec.ts:445:1 › reparenting presents children beneath their parent without sorting the model collection (701ms)

  14 passed (7.9s)
[WebServer] (node:91261) Warning: The 'NO_COLOR' env is ignored due to the 'FORCE_COLOR' env being set.
[WebServer] (Use `node --trace-warnings ...` to show where the warning was created)

Running 1 test using 1 worker

(node:91262) Warning: The 'NO_COLOR' env is ignored due to the 'FORCE_COLOR' env being set.
(Use `node --trace-warnings ...` to show where the warning was created)
  ✓  1 tests/adapters/browser/adapter.spec.ts:3:1 › bridge delivers real PNG + project ZIP, snapshot jobs, cancellation and lifecycle (791ms)

  1 passed (1.5s)
