[WebServer] (node:4059) Warning: The 'NO_COLOR' env is ignored due to the 'FORCE_COLOR' env being set.
[WebServer] (Use `node --trace-warnings ...` to show where the warning was created)

Running 15 tests using 4 workers

(node:4169) Warning: The 'NO_COLOR' env is ignored due to the 'FORCE_COLOR' env being set.
(Use `node --trace-warnings ...` to show where the warning was created)
(node:4171) Warning: The 'NO_COLOR' env is ignored due to the 'FORCE_COLOR' env being set.
(Use `node --trace-warnings ...` to show where the warning was created)
(node:4168) Warning: The 'NO_COLOR' env is ignored due to the 'FORCE_COLOR' env being set.
(Use `node --trace-warnings ...` to show where the warning was created)
(node:4170) Warning: The 'NO_COLOR' env is ignored due to the 'FORCE_COLOR' env being set.
(Use `node --trace-warnings ...` to show where the warning was created)
  ✓   3 [chromium] › tests/browser/storage.spec.ts:10:1 › actual PNG ZIP bytes and committed IndexedDB survive reload (287ms)
  ✓   5 [chromium] › tests/browser/storage.spec.ts:21:1 › newer save wins delayed older validation; snapshot bytes isolated (146ms)
  ✓   1 [chromium] › tests/browser/shell.spec.ts:3:1 › built editor and player load directly and navigate without runtime errors (652ms)
  ✓   6 [chromium] › tests/browser/storage.spec.ts:31:1 › real transaction abort/quota/write failure preserve prior committed project (125ms)
  ✓   8 [chromium] › tests/browser/storage.spec.ts:44:1 › hash, IHDR and actual decoder validation reject corrupt images (114ms)
  ✓   7 [chromium] › tests/browser/shell.spec.ts:22:1 › shell remains readable at narrow widths and exposes keyboard navigation (288ms)
  ✓   9 [chromium] › tests/browser/storage.spec.ts:53:1 › aliasing Uint8Array subclasses cannot change validated, packed or saved snapshots (133ms)
  ✓   2 [chromium] › tests/adapters/browser/adapter.spec.ts:3:1 › bridge delivers real PNG + project ZIP, snapshot jobs, cancellation and lifecycle (1.2s)
  ✓   4 [chromium] › tests/e2e/editor/workflow.spec.ts:23:1 › load PNG, bones, keys, playback, undo, save, reload, independent exported player (3.3s)
  ✓  10 [chromium] › tests/e2e/editor/workflow.spec.ts:192:1 › cancel and failed save leave live data unchanged and unsaved; checkpoint restores (809ms)
  ✓  11 [chromium] › tests/e2e/editor/workflow.spec.ts:248:1 › late save and import cannot attach to a reopened session at the same revision (572ms)
  ✓  12 [chromium] › tests/e2e/editor/workflow.spec.ts:316:1 › invalid files preserve the project and a later valid editor package opens (632ms)
  ✓  13 [chromium] › tests/e2e/editor/workflow.spec.ts:353:1 › opening an identical saved package recognizes the committed record, but equal-revision different content stays unsaved (543ms)
  ✓  14 [chromium] › tests/e2e/editor/workflow.spec.ts:376:1 › selected stepped and imported Bezier keys preserve their interpolation when only the value is edited (960ms)
  ✓  15 [chromium] › tests/e2e/editor/workflow.spec.ts:445:1 › reparenting presents children beneath their parent without sorting the model collection (745ms)

  15 passed (9.1s)
