[WebServer] (node:66238) Warning: The 'NO_COLOR' env is ignored due to the 'FORCE_COLOR' env being set.
[WebServer] (Use `node --trace-warnings ...` to show where the warning was created)

Running 15 tests using 4 workers

(node:66474) Warning: The 'NO_COLOR' env is ignored due to the 'FORCE_COLOR' env being set.
(Use `node --trace-warnings ...` to show where the warning was created)
(node:66476) Warning: The 'NO_COLOR' env is ignored due to the 'FORCE_COLOR' env being set.
(Use `node --trace-warnings ...` to show where the warning was created)
(node:66473) Warning: The 'NO_COLOR' env is ignored due to the 'FORCE_COLOR' env being set.
(Use `node --trace-warnings ...` to show where the warning was created)
(node:66475) Warning: The 'NO_COLOR' env is ignored due to the 'FORCE_COLOR' env being set.
(Use `node --trace-warnings ...` to show where the warning was created)
  ✘   2 [chromium] › tests/browser/storage.spec.ts:10:1 › actual PNG ZIP bytes and committed IndexedDB survive reload (0ms)
  -   5 [chromium] › tests/browser/storage.spec.ts:21:1 › newer save wins delayed older validation; snapshot bytes isolated
  -   6 [chromium] › tests/browser/storage.spec.ts:31:1 › real transaction abort/quota/write failure preserve prior committed project
  -   7 [chromium] › tests/browser/storage.spec.ts:44:1 › hash, IHDR and actual decoder validation reject corrupt images
  -   8 [chromium] › tests/browser/storage.spec.ts:53:1 › aliasing Uint8Array subclasses cannot change validated, packed or saved snapshots
  ✓   1 [chromium] › tests/browser/shell.spec.ts:3:1 › built editor and player load directly and navigate without runtime errors (683ms)
  ✓   9 [chromium] › tests/browser/shell.spec.ts:22:1 › shell remains readable at narrow widths and exposes keyboard navigation (241ms)
  ✓   3 [chromium] › tests/adapters/browser/adapter.spec.ts:3:1 › bridge delivers real PNG + project ZIP, snapshot jobs, cancellation and lifecycle (1.1s)
  ✓   4 [chromium] › tests/e2e/editor/workflow.spec.ts:23:1 › load PNG, bones, keys, playback, undo, save, reload, independent exported player (3.3s)
  ✓  10 [chromium] › tests/e2e/editor/workflow.spec.ts:192:1 › cancel and failed save leave live data unchanged and unsaved; checkpoint restores (853ms)
  ✓  11 [chromium] › tests/e2e/editor/workflow.spec.ts:248:1 › late save and import cannot attach to a reopened session at the same revision (712ms)
  ✓  12 [chromium] › tests/e2e/editor/workflow.spec.ts:316:1 › invalid files preserve the project and a later valid editor package opens (675ms)
  ✓  13 [chromium] › tests/e2e/editor/workflow.spec.ts:353:1 › opening an identical saved package recognizes the committed record, but equal-revision different content stays unsaved (566ms)
  ✓  14 [chromium] › tests/e2e/editor/workflow.spec.ts:376:1 › selected stepped and imported Bezier keys preserve their interpolation when only the value is edited (995ms)
  ✓  15 [chromium] › tests/e2e/editor/workflow.spec.ts:445:1 › reparenting presents children beneath their parent without sorting the model collection (782ms)


  1) [chromium] › tests/browser/storage.spec.ts:10:1 › actual PNG ZIP bytes and committed IndexedDB survive reload 

    Error: Port 4181 is already in use

       5 | declare global {interface Window {storageHarness:{createStorage:typeof createStorage;validatePng:typeof validatePng;fixture:(revision?:number)=>Promise<ProjectBundle>}}}
       6 | let server:ViteDevServer;
    >  7 | test.beforeAll(async()=>{server=await createServer({server:{host:'127.0.0.1',port:4181,strictPort:true}});await server.listen();});
         |                                                                                                           ^
       8 | test.afterAll(async()=>{await server.close();});
       9 | test.beforeEach(async({page})=>{await page.goto('http://127.0.0.1:4181/tests/storage/harness.html');await page.waitForFunction(()=>!!window.storageHarness);});
      10 | test('actual PNG ZIP bytes and committed IndexedDB survive reload',async({page})=>{
        at httpServerStart (/Users/tubakhuym/projects/learn-spine-worktrees/issue-17/platform/node_modules/vite/dist/node/chunks/node.js:14167:10)
        at startServer (/Users/tubakhuym/projects/learn-spine-worktrees/issue-17/platform/node_modules/vite/dist/node/chunks/node.js:24582:30)
        at Object.listen (/Users/tubakhuym/projects/learn-spine-worktrees/issue-17/platform/node_modules/vite/dist/node/chunks/node.js:24396:4)
        at /Users/tubakhuym/projects/learn-spine-worktrees/issue-17/platform/tests/browser/storage.spec.ts:7:107

    Error Context: test-results/storage-actual-PNG-ZIP-byt-61ff0-ed-IndexedDB-survive-reload-chromium/error-context.md

    Error Context: test-results/storage-actual-PNG-ZIP-byt-61ff0-ed-IndexedDB-survive-reload-chromium/error-context.md

    attachment #3: trace (application/zip) ─────────────────────────────────────────────────────────
    test-results/storage-actual-PNG-ZIP-byt-61ff0-ed-IndexedDB-survive-reload-chromium/trace.zip
    Usage:

        npx playwright show-trace test-results/storage-actual-PNG-ZIP-byt-61ff0-ed-IndexedDB-survive-reload-chromium/trace.zip

    ────────────────────────────────────────────────────────────────────────────────────────────────

  1 failed
    [chromium] › tests/browser/storage.spec.ts:10:1 › actual PNG ZIP bytes and committed IndexedDB survive reload 
  4 did not run
  10 passed (9.5s)
