
> learn-spine-platform@0.0.0 build
> vite build

vite v8.3.0 building client environment for production...
transforming...
✓ 790 modules transformed.
rendering chunks...
computing gzip size...
dist/index.html                         0.53 kB │ gzip:   0.32 kB
dist/player.html                        0.53 kB │ gzip:   0.32 kB
dist/assets/storage-BUjCEbAh.css        9.26 kB │ gzip:   2.76 kB
dist/assets/webworkerAll-BeKv7D-N.js    0.05 kB │ gzip:   0.06 kB
dist/assets/player-u-iLTjJO.js          2.82 kB │ gzip:   1.34 kB
dist/assets/browserAll-X6u5hz4a.js     42.12 kB │ gzip:  10.97 kB
dist/assets/editor-RApkqNf6.js         56.21 kB │ gzip:  19.23 kB
dist/assets/init-Ky01E8zN.js           83.46 kB │ gzip:  24.47 kB
dist/assets/storage-D_pBdHdH.js       731.85 kB │ gzip: 219.41 kB

✓ built in 120ms
[plugin builtin:vite-reporter] 
(!) Some chunks are larger than 500 kB after minification. Consider:
- Using dynamic import() to code-split the application
- Use build.rolldownOptions.output.codeSplitting to improve chunking: https://rolldown.rs/reference/OutputOptions.codeSplitting
- Adjust chunk size limit for this warning via build.chunkSizeWarningLimit.
