
> learn-spine-platform@0.0.0 test:browser
> playwright test

[WebServer] (node:60886) Warning: The 'NO_COLOR' env is ignored due to the 'FORCE_COLOR' env being set.
[WebServer] (Use `node --trace-warnings ...` to show where the warning was created)

Running 19 tests using 5 workers

(node:60887) Warning: The 'NO_COLOR' env is ignored due to the 'FORCE_COLOR' env being set.
(Use `node --trace-warnings ...` to show where the warning was created)
(node:60889) Warning: The 'NO_COLOR' env is ignored due to the 'FORCE_COLOR' env being set.
(Use `node --trace-warnings ...` to show where the warning was created)
(node:60888) Warning: The 'NO_COLOR' env is ignored due to the 'FORCE_COLOR' env being set.
(Use `node --trace-warnings ...` to show where the warning was created)
(node:60891) Warning: The 'NO_COLOR' env is ignored due to the 'FORCE_COLOR' env being set.
(Use `node --trace-warnings ...` to show where the warning was created)
(node:60890) Warning: The 'NO_COLOR' env is ignored due to the 'FORCE_COLOR' env being set.
(Use `node --trace-warnings ...` to show where the warning was created)
  ✓   2 [chromium] › tests/browser/storage.spec.ts:10:1 › actual PNG ZIP bytes and committed IndexedDB survive reload (508ms)
  ✓   6 [chromium] › tests/browser/storage.spec.ts:21:1 › newer save wins delayed older validation; snapshot bytes isolated (163ms)
  ✓   7 [chromium] › tests/browser/storage.spec.ts:31:1 › real transaction abort/quota/write failure preserve prior committed project (150ms)
  ✓   1 [chromium] › tests/browser/shell.spec.ts:3:1 › built editor and player load directly and navigate without runtime errors (951ms)
  ✓   8 [chromium] › tests/browser/storage.spec.ts:44:1 › hash, IHDR and actual decoder validation reject corrupt images (137ms)
  ✓  10 [chromium] › tests/browser/storage.spec.ts:53:1 › aliasing Uint8Array subclasses cannot change validated, packed or saved snapshots (136ms)
  ✓   9 [chromium] › tests/browser/shell.spec.ts:22:1 › shell remains readable at narrow widths and exposes keyboard navigation (268ms)
  ✓   3 [chromium] › tests/adapters/browser/adapter.spec.ts:3:1 › bridge delivers real PNG + project ZIP, snapshot jobs, cancellation and lifecycle (1.5s)
  ✓   5 [chromium] › tests/authoring/browser/authoring.spec.ts:12:1 › actual editor weights, deform, IK; bridge retry/rollback; ZIP recovery and independent player (3.4s)
  ✓   4 [chromium] › tests/e2e/editor/workflow.spec.ts:23:1 › load PNG, bones, keys, playback, undo, save, reload, independent exported player (3.6s)
  ✓  11 [chromium] › tests/authoring/browser/authoring.spec.ts:276:1 › new projects use v1; opening v0 stays v0 until explicit UI upgrade, undo restores v0 (631ms)
  ✓  12 [chromium] › tests/e2e/editor/workflow.spec.ts:192:1 › cancel and failed save leave live data unchanged and unsaved; checkpoint restores (824ms)
  ✓  14 [chromium] › tests/e2e/editor/workflow.spec.ts:248:1 › late save and import cannot attach to a reopened session at the same revision (544ms)
  ✓  15 [chromium] › tests/e2e/editor/workflow.spec.ts:316:1 › invalid files preserve the project and a later valid editor package opens (666ms)
  ✓  16 [chromium] › tests/e2e/editor/workflow.spec.ts:353:1 › opening an identical saved package recognizes the committed record, but equal-revision different content stays unsaved (560ms)
  ✓  17 [chromium] › tests/e2e/editor/workflow.spec.ts:376:1 › selected stepped and imported Bezier keys preserve their interpolation when only the value is edited (1.0s)
  ✓  13 [chromium] › tests/authoring/browser/authoring.spec.ts:325:3 › jelly authored geometry persists in ZIP and real player draws (3.4s)
  ✓  18 [chromium] › tests/e2e/editor/workflow.spec.ts:445:1 › reparenting presents children beneath their parent without sorting the model collection (797ms)
  ✓  19 [chromium] › tests/authoring/browser/authoring.spec.ts:325:3 › ik authored geometry persists in ZIP and real player draws (1.8s)

  19 passed (10.3s)
